// Jest Snapshot v1, https://goo.gl/fbAQLP

exports[`Storyshots Artshjul mockup 1`] = `
<div
  style={
    Object {
      "background": "#ffffff",
      "bottom": 0,
      "left": 0,
      "position": "absolute",
      "right": 0,
      "top": 0,
    }
  }
>
  <div
    className="SplitPane  vertical "
    style={
      Object {
        "MozUserSelect": "text",
        "WebkitUserSelect": "text",
        "display": "flex",
        "flex": 1,
        "flexDirection": "row",
        "height": "100%",
        "left": 0,
        "msUserSelect": "text",
        "outline": "none",
        "overflow": "hidden",
        "position": "absolute",
        "right": 0,
        "userSelect": "text",
      }
    }
  >
    <div
      className="Pane vertical Pane1"
      style={
        Object {
          "flex": 1,
          "outline": "none",
          "overflowX": "auto",
          "overflowY": "auto",
          "position": "relative",
        }
      }
    >
      <div>
        <div
          style={
            Object {
              "margin": "48px",
            }
          }
        >
          <div
            style={
              Object {
                "WebkitTapHighlightColor": "rgba(0,0,0,0)",
                "backgroundColor": "#ffffff",
                "borderRadius": 2,
                "boxShadow": "0 1px 6px rgba(0, 0, 0, 0.12),
                       0 1px 4px rgba(0, 0, 0, 0.12)",
                "boxSizing": "border-box",
                "color": "rgba(0, 0, 0, 0.87)",
                "display": "inline-block",
                "fontFamily": "Roboto, sans-serif",
                "margin": "16px 32px 16px 0",
                "muiPrepared": true,
                "transition": "all 450ms cubic-bezier(0.23, 1, 0.32, 1) 0ms",
              }
            }
          >
            <div>
              <div>
                <span
                  disabled={false}
                  id={0}
                  onBlur={[Function]}
                  onClick={[Function]}
                  onFocus={[Function]}
                  onKeyDown={[Function]}
                  onKeyUp={[Function]}
                  onMouseEnter={[Function]}
                  onMouseLeave={[Function]}
                  onTouchEnd={[Function]}
                  onTouchStart={[Function]}
                  open={null}
                  style={
                    Object {
                      "WebkitTapHighlightColor": "rgba(0, 0, 0, 0)",
                      "background": "none",
                      "backgroundColor": null,
                      "border": 10,
                      "boxSizing": "border-box",
                      "color": "rgba(0, 0, 0, 0.87)",
                      "cursor": "pointer",
                      "display": "block",
                      "fontFamily": "Roboto, sans-serif",
                      "fontSize": 16,
                      "fontWeight": "inherit",
                      "lineHeight": "16px",
                      "margin": 0,
                      "muiPrepared": true,
                      "outline": "none",
                      "padding": 0,
                      "position": "relative",
                      "textDecoration": "none",
                      "transition": "all 450ms cubic-bezier(0.23, 1, 0.32, 1) 0ms",
                      "verticalAlign": null,
                      "zIndex": 1,
                    }
                  }
                  tabIndex={0}
                >
                  <div
                    onMouseDown={[Function]}
                    onMouseLeave={[Function]}
                    onMouseUp={[Function]}
                    onTouchEnd={[Function]}
                    onTouchStart={[Function]}
                  >
                    <div
                      style={
                        Object {
                          "marginLeft": 0,
                          "muiPrepared": true,
                          "paddingBottom": 20,
                          "paddingLeft": 72,
                          "paddingRight": 56,
                          "paddingTop": 20,
                          "position": "relative",
                        }
                      }
                    >
                      <div
                        style={
                          Object {
                            "left": 16,
                            "position": "absolute",
                            "top": 8,
                          }
                        }
                      />
                      <button
                        disabled={false}
                        onBlur={[Function]}
                        onClick={[Function]}
                        onFocus={[Function]}
                        onKeyDown={[Function]}
                        onKeyUp={[Function]}
                        onMouseDown={[Function]}
                        onMouseEnter={[Function]}
                        onMouseLeave={[Function]}
                        onMouseOut={[Function]}
                        onMouseUp={[Function]}
                        onTouchStart={[Function]}
                        style={
                          Object {
                            "WebkitTapHighlightColor": "rgba(0, 0, 0, 0)",
                            "background": "none",
                            "border": 10,
                            "boxSizing": "border-box",
                            "cursor": "pointer",
                            "display": "block",
                            "fontFamily": "Roboto, sans-serif",
                            "fontSize": 0,
                            "fontWeight": "inherit",
                            "height": 48,
                            "margin": 0,
                            "muiPrepared": true,
                            "outline": "none",
                            "overflow": "visible",
                            "padding": 12,
                            "position": "absolute",
                            "right": 4,
                            "textDecoration": "none",
                            "top": 4,
                            "transition": "all 450ms cubic-bezier(0.23, 1, 0.32, 1) 0ms",
                            "verticalAlign": null,
                            "width": 48,
                            "zIndex": 1,
                          }
                        }
                        tabIndex={0}
                        type="button"
                      >
                        <div
                          onMouseDown={[Function]}
                          onMouseLeave={[Function]}
                          onMouseUp={[Function]}
                          onTouchEnd={[Function]}
                          onTouchStart={[Function]}
                        >
                          <svg
                            onMouseEnter={[Function]}
                            onMouseLeave={[Function]}
                            style={
                              Object {
                                "color": "rgba(0, 0, 0, 0.87)",
                                "display": "inline-block",
                                "fill": "currentColor",
                                "height": 24,
                                "muiPrepared": true,
                                "transition": "all 450ms cubic-bezier(0.23, 1, 0.32, 1) 0ms",
                                "userSelect": "none",
                                "width": 24,
                              }
                            }
                            viewBox="0 0 24 24"
                          >
                            <path
                              d="M16.59 8.59L12 13.17 7.41 8.59 6 10l6 6 6-6z"
                            />
                          </svg>
                        </div>
                      </button>
                      <span
                        style={
                          Object {
                            "marginLeft": 0,
                            "muiPrepared": true,
                            "textTransform": "capitalize",
                          }
                        }
                      >
                        Life (Life)
                      </span>
                    </div>
                  </div>
                </span>
              </div>
              <div>
                <span
                  disabled={false}
                  id={1131}
                  onBlur={[Function]}
                  onClick={[Function]}
                  onFocus={[Function]}
                  onKeyDown={[Function]}
                  onKeyUp={[Function]}
                  onMouseEnter={[Function]}
                  onMouseLeave={[Function]}
                  onTouchEnd={[Function]}
                  onTouchStart={[Function]}
                  open={null}
                  style={
                    Object {
                      "WebkitTapHighlightColor": "rgba(0, 0, 0, 0)",
                      "background": "none",
                      "backgroundColor": null,
                      "border": 10,
                      "boxSizing": "border-box",
                      "color": "rgba(0, 0, 0, 0.87)",
                      "cursor": "pointer",
                      "display": "block",
                      "fontFamily": "Roboto, sans-serif",
                      "fontSize": 16,
                      "fontWeight": "inherit",
                      "lineHeight": "16px",
                      "margin": 0,
                      "muiPrepared": true,
                      "outline": "none",
                      "padding": 0,
                      "position": "relative",
                      "textDecoration": "none",
                      "transition": "all 450ms cubic-bezier(0.23, 1, 0.32, 1) 0ms",
                      "verticalAlign": null,
                      "zIndex": 1,
                    }
                  }
                  tabIndex={0}
                >
                  <div
                    onMouseDown={[Function]}
                    onMouseLeave={[Function]}
                    onMouseUp={[Function]}
                    onTouchEnd={[Function]}
                    onTouchStart={[Function]}
                  >
                    <div
                      style={
                        Object {
                          "marginLeft": 0,
                          "muiPrepared": true,
                          "paddingBottom": 20,
                          "paddingLeft": 72,
                          "paddingRight": 56,
                          "paddingTop": 20,
                          "position": "relative",
                        }
                      }
                    >
                      <img
                        className={undefined}
                        size={40}
                        src="http://nodeyoda.westeurope.cloudapp.azure.com/taxonPhoto/Plantae.jpg"
                        style={
                          Object {
                            "alignItems": "center",
                            "backgroundColor": "rgb(188, 188, 188)",
                            "borderRadius": "50%",
                            "color": "#ffffff",
                            "display": "inline-flex",
                            "fontSize": 20,
                            "height": 40,
                            "justifyContent": "center",
                            "left": 16,
                            "muiPrepared": true,
                            "position": "absolute",
                            "top": 8,
                            "userSelect": "none",
                            "width": 40,
                          }
                        }
                      />
                      <button
                        disabled={false}
                        onBlur={[Function]}
                        onClick={[Function]}
                        onFocus={[Function]}
                        onKeyDown={[Function]}
                        onKeyUp={[Function]}
                        onMouseDown={[Function]}
                        onMouseEnter={[Function]}
                        onMouseLeave={[Function]}
                        onMouseOut={[Function]}
                        onMouseUp={[Function]}
                        onTouchStart={[Function]}
                        style={
                          Object {
                            "WebkitTapHighlightColor": "rgba(0, 0, 0, 0)",
                            "background": "none",
                            "border": 10,
                            "boxSizing": "border-box",
                            "cursor": "pointer",
                            "display": "block",
                            "fontFamily": "Roboto, sans-serif",
                            "fontSize": 0,
                            "fontWeight": "inherit",
                            "height": 48,
                            "margin": 0,
                            "muiPrepared": true,
                            "outline": "none",
                            "overflow": "visible",
                            "padding": 12,
                            "position": "absolute",
                            "right": 4,
                            "textDecoration": "none",
                            "top": 4,
                            "transition": "all 450ms cubic-bezier(0.23, 1, 0.32, 1) 0ms",
                            "verticalAlign": null,
                            "width": 48,
                            "zIndex": 1,
                          }
                        }
                        tabIndex={0}
                        type="button"
                      >
                        <div
                          onMouseDown={[Function]}
                          onMouseLeave={[Function]}
                          onMouseUp={[Function]}
                          onTouchEnd={[Function]}
                          onTouchStart={[Function]}
                        >
                          <svg
                            onMouseEnter={[Function]}
                            onMouseLeave={[Function]}
                            style={
                              Object {
                                "color": "rgba(0, 0, 0, 0.87)",
                                "display": "inline-block",
                                "fill": "currentColor",
                                "height": 24,
                                "muiPrepared": true,
                                "transition": "all 450ms cubic-bezier(0.23, 1, 0.32, 1) 0ms",
                                "userSelect": "none",
                                "width": 24,
                              }
                            }
                            viewBox="0 0 24 24"
                          >
                            <path
                              d="M16.59 8.59L12 13.17 7.41 8.59 6 10l6 6 6-6z"
                            />
                          </svg>
                        </div>
                      </button>
                      <span
                        style={
                          Object {
                            "marginLeft": 0,
                            "muiPrepared": true,
                            "textTransform": "capitalize",
                          }
                        }
                      >
                        planteriket (Plantae)
                      </span>
                    </div>
                  </div>
                </span>
              </div>
            </div>
            <div
              style={
                Object {
                  "display": "flex",
                  "flexWrap": "wrap",
                  "justifyContent": "space-around",
                }
              }
            >
              <div
                style={
                  Object {
                    "display": "flex",
                    "flexWrap": "wrap",
                    "margin": -2,
                    "muiPrepared": true,
                    "overflowY": "none",
                    "width": 800,
                  }
                }
              >
                <div
                  style={
                    Object {
                      "boxSizing": "border-box",
                      "height": 184,
                      "muiPrepared": true,
                      "padding": 2,
                      "width": "33.333333333333336%",
                    }
                  }
                >
                  <div
                    cols={1}
                    onClick={[Function]}
                    rows={1}
                    style={
                      Object {
                        "display": "block",
                        "height": "100%",
                        "muiPrepared": true,
                        "overflow": "hidden",
                        "position": "relative",
                      }
                    }
                  >
                    <img
                      alt="taxon"
                      onLoad={[Function]}
                      src="http://nodeyoda.westeurope.cloudapp.azure.com/taxonphoto/Monocots.jpg"
                      style={
                        Object {
                          "height": "100%",
                          "left": "50%",
                          "muiPrepared": true,
                          "opacity": 0,
                          "position": "relative",
                          "transform": "translateX(-50%)",
                          "transition": "opacity 0.3s",
                        }
                      }
                    />
                    <div
                      style={
                        Object {
                          "alignItems": "center",
                          "background": "rgba(0, 0, 0, 0.4)",
                          "bottom": 0,
                          "display": "flex",
                          "height": 68,
                          "left": 0,
                          "muiPrepared": true,
                          "position": "absolute",
                          "right": 0,
                        }
                      }
                    >
                      <div
                        style={
                          Object {
                            "color": "#ffffff",
                            "flexGrow": 1,
                            "marginLeft": 16,
                            "marginRight": 0,
                            "muiPrepared": true,
                            "overflow": "hidden",
                          }
                        }
                      >
                        <div
                          style={
                            Object {
                              "fontSize": "16px",
                              "muiPrepared": true,
                              "overflow": "hidden",
                              "textOverflow": "ellipsis",
                              "whiteSpace": "nowrap",
                            }
                          }
                        >
                          <span
                            style={
                              Object {
                                "textTransform": "capitalize",
                              }
                            }
                          >
                            enfrobladete blomsterplanter
                          </span>
                        </div>
                        <div
                          style={
                            Object {
                              "fontSize": "12px",
                              "muiPrepared": true,
                              "overflow": "hidden",
                              "textOverflow": "ellipsis",
                              "whiteSpace": "nowrap",
                            }
                          }
                        >
                          <span>
                            <b>
                              Monocots
                            </b>
                          </span>
                        </div>
                      </div>
                      <div
                        style={
                          Object {
                            "muiPrepared": true,
                            "order": 1,
                          }
                        }
                      >
                        <button
                          disabled={false}
                          onBlur={[Function]}
                          onClick={[Function]}
                          onFocus={[Function]}
                          onKeyDown={[Function]}
                          onKeyUp={[Function]}
                          onMouseEnter={[Function]}
                          onMouseLeave={[Function]}
                          onMouseOut={[Function]}
                          onTouchStart={[Function]}
                          style={
                            Object {
                              "WebkitTapHighlightColor": "rgba(0, 0, 0, 0)",
                              "background": "none",
                              "border": 10,
                              "boxSizing": "border-box",
                              "cursor": "pointer",
                              "display": "inline-block",
                              "fontFamily": "Roboto, sans-serif",
                              "fontSize": 0,
                              "fontWeight": "inherit",
                              "height": 48,
                              "margin": 0,
                              "muiPrepared": true,
                              "outline": "none",
                              "overflow": "visible",
                              "padding": 12,
                              "position": "relative",
                              "textDecoration": "none",
                              "transition": "all 450ms cubic-bezier(0.23, 1, 0.32, 1) 0ms",
                              "verticalAlign": null,
                              "width": 48,
                              "zIndex": 1,
                            }
                          }
                          tabIndex={0}
                          type="button"
                        >
                          <div
                            onMouseDown={[Function]}
                            onMouseLeave={[Function]}
                            onMouseUp={[Function]}
                            onTouchEnd={[Function]}
                            onTouchStart={[Function]}
                          >
                            <svg
                              onMouseEnter={[Function]}
                              onMouseLeave={[Function]}
                              style={
                                Object {
                                  "color": "rgba(0, 0, 0, 0.87)",
                                  "display": "inline-block",
                                  "fill": "white",
                                  "height": 24,
                                  "muiPrepared": true,
                                  "transition": "all 450ms cubic-bezier(0.23, 1, 0.32, 1) 0ms",
                                  "userSelect": "none",
                                  "width": 24,
                                }
                              }
                              viewBox="0 0 24 24"
                            >
                              <path
                                d="M19 4H5c-1.11 0-2 .9-2 2v12c0 1.1.89 2 2 2h4v-2H5V8h14v10h-4v2h4c1.1 0 2-.9 2-2V6c0-1.1-.89-2-2-2zm-7 6l-4 4h3v6h2v-6h3l-4-4z"
                              />
                            </svg>
                          </div>
                        </button>
                      </div>
                    </div>
                  </div>
                </div>
                <div
                  style={
                    Object {
                      "boxSizing": "border-box",
                      "height": 184,
                      "muiPrepared": true,
                      "padding": 2,
                      "width": "33.333333333333336%",
                    }
                  }
                >
                  <div
                    cols={1}
                    onClick={[Function]}
                    rows={1}
                    style={
                      Object {
                        "display": "block",
                        "height": "100%",
                        "muiPrepared": true,
                        "overflow": "hidden",
                        "position": "relative",
                      }
                    }
                  >
                    <img
                      alt="taxon"
                      onLoad={[Function]}
                      src="http://nodeyoda.westeurope.cloudapp.azure.com/taxonphoto/Eudicots.jpg"
                      style={
                        Object {
                          "height": "100%",
                          "left": "50%",
                          "muiPrepared": true,
                          "opacity": 0,
                          "position": "relative",
                          "transform": "translateX(-50%)",
                          "transition": "opacity 0.3s",
                        }
                      }
                    />
                    <div
                      style={
                        Object {
                          "alignItems": "center",
                          "background": "rgba(0, 0, 0, 0.4)",
                          "bottom": 0,
                          "display": "flex",
                          "height": 68,
                          "left": 0,
                          "muiPrepared": true,
                          "position": "absolute",
                          "right": 0,
                        }
                      }
                    >
                      <div
                        style={
                          Object {
                            "color": "#ffffff",
                            "flexGrow": 1,
                            "marginLeft": 16,
                            "marginRight": 0,
                            "muiPrepared": true,
                            "overflow": "hidden",
                          }
                        }
                      >
                        <div
                          style={
                            Object {
                              "fontSize": "16px",
                              "muiPrepared": true,
                              "overflow": "hidden",
                              "textOverflow": "ellipsis",
                              "whiteSpace": "nowrap",
                            }
                          }
                        >
                          <span
                            style={
                              Object {
                                "textTransform": "capitalize",
                              }
                            }
                          >
                            tofrobladete blomsterplanter
                          </span>
                        </div>
                        <div
                          style={
                            Object {
                              "fontSize": "12px",
                              "muiPrepared": true,
                              "overflow": "hidden",
                              "textOverflow": "ellipsis",
                              "whiteSpace": "nowrap",
                            }
                          }
                        >
                          <span>
                            <b>
                              Eudicots
                            </b>
                          </span>
                        </div>
                      </div>
                      <div
                        style={
                          Object {
                            "muiPrepared": true,
                            "order": 1,
                          }
                        }
                      >
                        <button
                          disabled={false}
                          onBlur={[Function]}
                          onClick={[Function]}
                          onFocus={[Function]}
                          onKeyDown={[Function]}
                          onKeyUp={[Function]}
                          onMouseEnter={[Function]}
                          onMouseLeave={[Function]}
                          onMouseOut={[Function]}
                          onTouchStart={[Function]}
                          style={
                            Object {
                              "WebkitTapHighlightColor": "rgba(0, 0, 0, 0)",
                              "background": "none",
                              "border": 10,
                              "boxSizing": "border-box",
                              "cursor": "pointer",
                              "display": "inline-block",
                              "fontFamily": "Roboto, sans-serif",
                              "fontSize": 0,
                              "fontWeight": "inherit",
                              "height": 48,
                              "margin": 0,
                              "muiPrepared": true,
                              "outline": "none",
                              "overflow": "visible",
                              "padding": 12,
                              "position": "relative",
                              "textDecoration": "none",
                              "transition": "all 450ms cubic-bezier(0.23, 1, 0.32, 1) 0ms",
                              "verticalAlign": null,
                              "width": 48,
                              "zIndex": 1,
                            }
                          }
                          tabIndex={0}
                          type="button"
                        >
                          <div
                            onMouseDown={[Function]}
                            onMouseLeave={[Function]}
                            onMouseUp={[Function]}
                            onTouchEnd={[Function]}
                            onTouchStart={[Function]}
                          >
                            <svg
                              onMouseEnter={[Function]}
                              onMouseLeave={[Function]}
                              style={
                                Object {
                                  "color": "rgba(0, 0, 0, 0.87)",
                                  "display": "inline-block",
                                  "fill": "white",
                                  "height": 24,
                                  "muiPrepared": true,
                                  "transition": "all 450ms cubic-bezier(0.23, 1, 0.32, 1) 0ms",
                                  "userSelect": "none",
                                  "width": 24,
                                }
                              }
                              viewBox="0 0 24 24"
                            >
                              <path
                                d="M19 4H5c-1.11 0-2 .9-2 2v12c0 1.1.89 2 2 2h4v-2H5V8h14v10h-4v2h4c1.1 0 2-.9 2-2V6c0-1.1-.89-2-2-2zm-7 6l-4 4h3v6h2v-6h3l-4-4z"
                              />
                            </svg>
                          </div>
                        </button>
                      </div>
                    </div>
                  </div>
                </div>
              </div>
            </div>
          </div>
        </div>
      </div>
    </div>
    <span
      className="Resizer vertical "
      onClick={[Function]}
      onDoubleClick={[Function]}
      onMouseDown={[Function]}
      onTouchEnd={[Function]}
      onTouchStart={[Function]}
      style={
        Object {
          "cursor": "col-resize",
          "marginRight": -6,
          "width": 10,
          "zIndex": 1,
        }
      }
    />
    <div
      className="Pane vertical Pane2"
      style={
        Object {
          "flex": "none",
          "outline": "none",
          "position": "relative",
          "width": 0,
        }
      }
    >
      <div
        className="sb-addon-material-ui-theme_sidebar"
        style={
          Object {
            "height": "100%",
            "width": "100%",
          }
        }
      />
    </div>
  </div>
</div>
`;

exports[`Storyshots Kart mockup 1`] = `
<div
  style={
    Object {
      "background": "#ffffff",
      "bottom": 0,
      "left": 0,
      "position": "absolute",
      "right": 0,
      "top": 0,
    }
  }
>
  <div
    className="SplitPane  vertical "
    style={
      Object {
        "MozUserSelect": "text",
        "WebkitUserSelect": "text",
        "display": "flex",
        "flex": 1,
        "flexDirection": "row",
        "height": "100%",
        "left": 0,
        "msUserSelect": "text",
        "outline": "none",
        "overflow": "hidden",
        "position": "absolute",
        "right": 0,
        "userSelect": "text",
      }
    }
  >
    <div
      className="Pane vertical Pane1"
      style={
        Object {
          "flex": 1,
          "outline": "none",
          "overflowX": "auto",
          "overflowY": "auto",
          "position": "relative",
        }
      }
    >
      <div>
        <div>
          <h2>
            Rødrev
          </h2>
          <img
            alt="mockup"
            onClick={[Function]}
            src="mockup.png"
          />
        </div>
      </div>
    </div>
    <span
      className="Resizer vertical "
      onClick={[Function]}
      onDoubleClick={[Function]}
      onMouseDown={[Function]}
      onTouchEnd={[Function]}
      onTouchStart={[Function]}
      style={
        Object {
          "cursor": "col-resize",
          "marginRight": -6,
          "width": 10,
          "zIndex": 1,
        }
      }
    />
    <div
      className="Pane vertical Pane2"
      style={
        Object {
          "flex": "none",
          "outline": "none",
          "position": "relative",
          "width": 0,
        }
      }
    >
      <div
        className="sb-addon-material-ui-theme_sidebar"
        style={
          Object {
            "height": "100%",
            "width": "100%",
          }
        }
      />
    </div>
  </div>
</div>
`;

exports[`Storyshots Statistikk mockup 1`] = `
<div
  style={
    Object {
      "background": "#ffffff",
      "bottom": 0,
      "left": 0,
      "position": "absolute",
      "right": 0,
      "top": 0,
    }
  }
>
  <div
    className="SplitPane  vertical "
    style={
      Object {
        "MozUserSelect": "text",
        "WebkitUserSelect": "text",
        "display": "flex",
        "flex": 1,
        "flexDirection": "row",
        "height": "100%",
        "left": 0,
        "msUserSelect": "text",
        "outline": "none",
        "overflow": "hidden",
        "position": "absolute",
        "right": 0,
        "userSelect": "text",
      }
    }
  >
    <div
      className="Pane vertical Pane1"
      style={
        Object {
          "flex": 1,
          "outline": "none",
          "overflowX": "auto",
          "overflowY": "auto",
          "position": "relative",
        }
      }
    >
      <div>
        <div>
          <h2>
            Rødrev
          </h2>
          <img
            alt="mockup"
            onClick={[Function]}
            src="mockup.png"
          />
        </div>
      </div>
    </div>
    <span
      className="Resizer vertical "
      onClick={[Function]}
      onDoubleClick={[Function]}
      onMouseDown={[Function]}
      onTouchEnd={[Function]}
      onTouchStart={[Function]}
      style={
        Object {
          "cursor": "col-resize",
          "marginRight": -6,
          "width": 10,
          "zIndex": 1,
        }
      }
    />
    <div
      className="Pane vertical Pane2"
      style={
        Object {
          "flex": "none",
          "outline": "none",
          "position": "relative",
          "width": 0,
        }
      }
    >
      <div
        className="sb-addon-material-ui-theme_sidebar"
        style={
          Object {
            "height": "100%",
            "width": "100%",
          }
        }
      />
    </div>
  </div>
</div>
`;
