// Jest Snapshot v1, https://goo.gl/fbAQLP

exports[`Storyshots Artshjul mockup 1`] = `
<div
  style={
    Object {
      "background": "#ffffff",
      "bottom": 0,
      "left": 0,
      "position": "absolute",
      "right": 0,
      "top": 0,
    }
  }
>
  <div
    className="SplitPane  vertical "
    style={
      Object {
        "MozUserSelect": "text",
        "WebkitUserSelect": "text",
        "display": "flex",
        "flex": 1,
        "flexDirection": "row",
        "height": "100%",
        "left": 0,
        "msUserSelect": "text",
        "outline": "none",
        "overflow": "hidden",
        "position": "absolute",
        "right": 0,
        "userSelect": "text",
      }
    }
  >
    <div
      className="Pane vertical Pane1"
      style={
        Object {
          "flex": 1,
          "outline": "none",
          "overflowX": "auto",
          "overflowY": "auto",
          "position": "relative",
        }
      }
    >
      <div>
        <img
          src="mockup.png"
        />
      </div>
    </div>
    <span
      className="Resizer vertical "
      onClick={[Function]}
      onDoubleClick={[Function]}
      onMouseDown={[Function]}
      onTouchEnd={[Function]}
      onTouchStart={[Function]}
      style={
        Object {
          "cursor": "col-resize",
          "marginRight": -6,
          "width": 10,
          "zIndex": 1,
        }
      }
    />
    <div
      className="Pane vertical Pane2"
      style={
        Object {
          "flex": "none",
          "outline": "none",
          "position": "relative",
          "width": 0,
        }
      }
    >
      <div
        className="sb-addon-material-ui-theme_sidebar"
        style={
          Object {
            "height": "100%",
            "width": "100%",
          }
        }
      />
    </div>
  </div>
</div>
`;

exports[`Storyshots Kart mockup 1`] = `
<div
  style={
    Object {
      "background": "#ffffff",
      "bottom": 0,
      "left": 0,
      "position": "absolute",
      "right": 0,
      "top": 0,
    }
  }
>
  <div
    className="SplitPane  vertical "
    style={
      Object {
        "MozUserSelect": "text",
        "WebkitUserSelect": "text",
        "display": "flex",
        "flex": 1,
        "flexDirection": "row",
        "height": "100%",
        "left": 0,
        "msUserSelect": "text",
        "outline": "none",
        "overflow": "hidden",
        "position": "absolute",
        "right": 0,
        "userSelect": "text",
      }
    }
  >
    <div
      className="Pane vertical Pane1"
      style={
        Object {
          "flex": 1,
          "outline": "none",
          "overflowX": "auto",
          "overflowY": "auto",
          "position": "relative",
        }
      }
    >
      <div>
        <img
          src="mockup.png"
        />
      </div>
    </div>
    <span
      className="Resizer vertical "
      onClick={[Function]}
      onDoubleClick={[Function]}
      onMouseDown={[Function]}
      onTouchEnd={[Function]}
      onTouchStart={[Function]}
      style={
        Object {
          "cursor": "col-resize",
          "marginRight": -6,
          "width": 10,
          "zIndex": 1,
        }
      }
    />
    <div
      className="Pane vertical Pane2"
      style={
        Object {
          "flex": "none",
          "outline": "none",
          "position": "relative",
          "width": 0,
        }
      }
    >
      <div
        className="sb-addon-material-ui-theme_sidebar"
        style={
          Object {
            "height": "100%",
            "width": "100%",
          }
        }
      />
    </div>
  </div>
</div>
`;

exports[`Storyshots Statistikk mockup 1`] = `
<div
  style={
    Object {
      "background": "#ffffff",
      "bottom": 0,
      "left": 0,
      "position": "absolute",
      "right": 0,
      "top": 0,
    }
  }
>
  <div
    className="SplitPane  vertical "
    style={
      Object {
        "MozUserSelect": "text",
        "WebkitUserSelect": "text",
        "display": "flex",
        "flex": 1,
        "flexDirection": "row",
        "height": "100%",
        "left": 0,
        "msUserSelect": "text",
        "outline": "none",
        "overflow": "hidden",
        "position": "absolute",
        "right": 0,
        "userSelect": "text",
      }
    }
  >
    <div
      className="Pane vertical Pane1"
      style={
        Object {
          "flex": 1,
          "outline": "none",
          "overflowX": "auto",
          "overflowY": "auto",
          "position": "relative",
        }
      }
    >
      <div>
        <img
          src="mockup.png"
        />
      </div>
    </div>
    <span
      className="Resizer vertical "
      onClick={[Function]}
      onDoubleClick={[Function]}
      onMouseDown={[Function]}
      onTouchEnd={[Function]}
      onTouchStart={[Function]}
      style={
        Object {
          "cursor": "col-resize",
          "marginRight": -6,
          "width": 10,
          "zIndex": 1,
        }
      }
    />
    <div
      className="Pane vertical Pane2"
      style={
        Object {
          "flex": "none",
          "outline": "none",
          "position": "relative",
          "width": 0,
        }
      }
    >
      <div
        className="sb-addon-material-ui-theme_sidebar"
        style={
          Object {
            "height": "100%",
            "width": "100%",
          }
        }
      />
    </div>
  </div>
</div>
`;
